Archive member included to satisfy reference by file (symbol)

c:/program files (x86)/gnu tools arm embedded/5.2 2015q4/bin/../lib/gcc/arm-none-eabi/5.2.1/armv7-m\libgcc.a(_arm_addsubdf3.o)
                              ..\obj\ds18b20.o (__aeabi_f2d)
c:/program files (x86)/gnu tools arm embedded/5.2 2015q4/bin/../lib/gcc/arm-none-eabi/5.2.1/armv7-m\libgcc.a(_arm_muldivdf3.o)
                              ..\obj\ds18b20.o (__aeabi_dmul)
c:/program files (x86)/gnu tools arm embedded/5.2 2015q4/bin/../lib/gcc/arm-none-eabi/5.2.1/armv7-m\libgcc.a(_arm_fixunsdfsi.o)
                              ..\obj\ds18b20.o (__aeabi_d2uiz)
c:/program files (x86)/gnu tools arm embedded/5.2 2015q4/bin/../lib/gcc/arm-none-eabi/5.2.1/armv7-m\libgcc.a(_arm_addsubsf3.o)
                              ..\obj\ds18b20.o (__aeabi_ui2f)
c:/program files (x86)/gnu tools arm embedded/5.2 2015q4/bin/../lib/gcc/arm-none-eabi/5.2.1/../../../../arm-none-eabi/lib/armv7-m\libg.a(lib_a-exit.o)
                              c:/program files (x86)/gnu tools arm embedded/5.2 2015q4/bin/../lib/gcc/arm-none-eabi/5.2.1/../../../../arm-none-eabi/lib/armv7-m/crt0.o (exit)
c:/program files (x86)/gnu tools arm embedded/5.2 2015q4/bin/../lib/gcc/arm-none-eabi/5.2.1/../../../../arm-none-eabi/lib/armv7-m\libg.a(lib_a-impure.o)
                              c:/program files (x86)/gnu tools arm embedded/5.2 2015q4/bin/../lib/gcc/arm-none-eabi/5.2.1/../../../../arm-none-eabi/lib/armv7-m\libg.a(lib_a-exit.o) (_global_impure_ptr)
c:/program files (x86)/gnu tools arm embedded/5.2 2015q4/bin/../lib/gcc/arm-none-eabi/5.2.1/../../../../arm-none-eabi/lib/armv7-m\libg.a(lib_a-init.o)
                              c:/program files (x86)/gnu tools arm embedded/5.2 2015q4/bin/../lib/gcc/arm-none-eabi/5.2.1/../../../../arm-none-eabi/lib/armv7-m/crt0.o (__libc_init_array)
c:/program files (x86)/gnu tools arm embedded/5.2 2015q4/bin/../lib/gcc/arm-none-eabi/5.2.1/../../../../arm-none-eabi/lib/armv7-m\libg.a(lib_a-memset.o)
                              c:/program files (x86)/gnu tools arm embedded/5.2 2015q4/bin/../lib/gcc/arm-none-eabi/5.2.1/../../../../arm-none-eabi/lib/armv7-m/crt0.o (memset)
c:/program files (x86)/gnu tools arm embedded/5.2 2015q4/bin/../lib/gcc/arm-none-eabi/5.2.1/../../../../arm-none-eabi/lib/armv7-m\libg.a(lib_a-__call_atexit.o)
                              c:/program files (x86)/gnu tools arm embedded/5.2 2015q4/bin/../lib/gcc/arm-none-eabi/5.2.1/../../../../arm-none-eabi/lib/armv7-m\libg.a(lib_a-exit.o) (__call_exitprocs)
c:/program files (x86)/gnu tools arm embedded/5.2 2015q4/bin/../lib/gcc/arm-none-eabi/5.2.1/../../../../arm-none-eabi/lib/armv7-m\libg.a(lib_a-atexit.o)
                              c:/program files (x86)/gnu tools arm embedded/5.2 2015q4/bin/../lib/gcc/arm-none-eabi/5.2.1/../../../../arm-none-eabi/lib/armv7-m\libg.a(lib_a-__call_atexit.o) (atexit)
c:/program files (x86)/gnu tools arm embedded/5.2 2015q4/bin/../lib/gcc/arm-none-eabi/5.2.1/../../../../arm-none-eabi/lib/armv7-m\libg.a(lib_a-fini.o)
                              c:/program files (x86)/gnu tools arm embedded/5.2 2015q4/bin/../lib/gcc/arm-none-eabi/5.2.1/../../../../arm-none-eabi/lib/armv7-m\libg.a(lib_a-__call_atexit.o) (__libc_fini_array)
c:/program files (x86)/gnu tools arm embedded/5.2 2015q4/bin/../lib/gcc/arm-none-eabi/5.2.1/../../../../arm-none-eabi/lib/armv7-m\libg.a(lib_a-__atexit.o)
                              c:/program files (x86)/gnu tools arm embedded/5.2 2015q4/bin/../lib/gcc/arm-none-eabi/5.2.1/../../../../arm-none-eabi/lib/armv7-m\libg.a(lib_a-atexit.o) (__register_exitproc)

Allocating common symbols
Common symbol       size              file

BUTTON              0x4               ..\obj\button.o
LEDS                0x4               ..\obj\leds.o
DS18B20             0x4               ..\obj\ds18b20.o

Discarded input sections

 .text          0x00000000        0x0 c:/program files (x86)/gnu tools arm embedded/5.2 2015q4/bin/../lib/gcc/arm-none-eabi/5.2.1/armv7-m/crti.o
 .data          0x00000000        0x0 c:/program files (x86)/gnu tools arm embedded/5.2 2015q4/bin/../lib/gcc/arm-none-eabi/5.2.1/armv7-m/crti.o
 .bss           0x00000000        0x0 c:/program files (x86)/gnu tools arm embedded/5.2 2015q4/bin/../lib/gcc/arm-none-eabi/5.2.1/armv7-m/crti.o
 .data          0x00000000        0x4 c:/program files (x86)/gnu tools arm embedded/5.2 2015q4/bin/../lib/gcc/arm-none-eabi/5.2.1/armv7-m/crtbegin.o
 .text          0x00000000       0x74 c:/program files (x86)/gnu tools arm embedded/5.2 2015q4/bin/../lib/gcc/arm-none-eabi/5.2.1/../../../../arm-none-eabi/lib/armv7-m/crt0.o
 .data          0x00000000        0x0 c:/program files (x86)/gnu tools arm embedded/5.2 2015q4/bin/../lib/gcc/arm-none-eabi/5.2.1/../../../../arm-none-eabi/lib/armv7-m/crt0.o
 .bss           0x00000000        0x0 c:/program files (x86)/gnu tools arm embedded/5.2 2015q4/bin/../lib/gcc/arm-none-eabi/5.2.1/../../../../arm-none-eabi/lib/armv7-m/crt0.o
[...]
Memory Configuration

Name             Origin             Length             Attributes
rom              0x08000000         0x00004000         xr
ram              0x20000000         0x00001000         xrw
*default*        0x00000000         0xffffffff

Linker script and memory map

LOAD c:/program files (x86)/gnu tools arm embedded/5.2 2015q4/bin/../lib/gcc/arm-none-eabi/5.2.1/armv7-m/crti.o
LOAD c:/program files (x86)/gnu tools arm embedded/5.2 2015q4/bin/../lib/gcc/arm-none-eabi/5.2.1/armv7-m/crtbegin.o
LOAD c:/program files (x86)/gnu tools arm embedded/5.2 2015q4/bin/../lib/gcc/arm-none-eabi/5.2.1/../../../../arm-none-eabi/lib/armv7-m/crt0.o
                0x20001000                _eram = 0x20001000

.text           0x08000000     0x2418
 *(.isr_vector)
 .isr_vector    0x08000000      0x1d0 ..\obj\startup_stm32f10x_ld_vl.o
                0x08000000                g_pfnVectors
 *(.text*)
 .text          0x080001d0       0xa4 c:/program files (x86)/gnu tools arm embedded/5.2 2015q4/bin/../lib/gcc/arm-none-eabi/5.2.1/armv7-m/crtbegin.o
 .text.transmit
                0x08000274       0x1c ..\obj\esp8266.o
                0x08000274                transmit
 .text.espInitTransmit
                0x08000290      0x170 ..\obj\esp8266.o
                0x08000290                espInitTransmit
 .text.esp8266_init
                0x08000400       0xb4 ..\obj\esp8266.o
                0x08000400                esp8266_init
 .text.SPI_Init
                0x080004b4       0x3e ..\obj\stm32f10x_spi.o
                0x080004b4                SPI_Init
 .text.SPI_Cmd  0x080004f2       0x18 ..\obj\stm32f10x_spi.o
                0x080004f2                SPI_Cmd
 .text.SPI_I2S_SendData
                0x0800050a        0x4 ..\obj\stm32f10x_spi.o
                0x0800050a                SPI_I2S_SendData
 .text.SPI_NSSInternalSoftwareConfig
                0x0800050e       0x1e ..\obj\stm32f10x_spi.o
                0x0800050e                SPI_NSSInternalSoftwareConfig
 .text.SPI_I2S_GetFlagStatus
                0x0800052c        0xc ..\obj\stm32f10x_spi.o
                0x0800052c                SPI_I2S_GetFlagStatus
 .text.USART_Init
                0x08000538       0xa8 ..\obj\stm32f10x_usart.o
                0x08000538                USART_Init
 .text.USART_Cmd
                0x080005e0       0x18 ..\obj\stm32f10x_usart.o
                0x080005e0                USART_Cmd
 .text.USART_ITConfig
                0x080005f8       0x30 ..\obj\stm32f10x_usart.o
                0x080005f8                USART_ITConfig
 .text.USART_SendData
                0x08000628        0x8 ..\obj\stm32f10x_usart.o
                0x08000628                USART_SendData
 .text.USART_ReceiveData
                0x08000630        0x8 ..\obj\stm32f10x_usart.o
                0x08000630                USART_ReceiveData
 .text.USART_GetFlagStatus
                0x08000638        0xc ..\obj\stm32f10x_usart.o
                0x08000638                USART_GetFlagStatus
 .text.USART_ClearFlag
                0x08000644        0x8 ..\obj\stm32f10x_usart.o
                0x08000644                USART_ClearFlag
 .text.USART_GetITStatus
                0x0800064c       0x40 ..\obj\stm32f10x_usart.o
                0x0800064c                USART_GetITStatus
 .text.USART_ClearITPendingBit
                0x0800068c       0x10 ..\obj\stm32f10x_usart.o
                0x0800068c                USART_ClearITPendingBit
 .text.init_button
                0x0800069c       0x44 ..\obj\button.o
                0x0800069c                init_button
 .text.init_encoder
                0x080006e0       0x78 ..\obj\encoder.o
                0x080006e0                init_encoder
 .text.TIM2_IRQHandler
                0x08000758       0x48 ..\obj\encoder.o
                0x08000758                TIM2_IRQHandler
 .text.getState
                0x080007a0        0xc ..\obj\utils.o
                0x080007a0                getState
 .text.setState
                0x080007ac        0xc ..\obj\utils.o
                0x080007ac                setState
 .text.delay    0x080007b8       0x48 ..\obj\utils.o
                0x080007b8                delay
 .text.temperatureToDigits
                0x08000800       0x2c ..\obj\utils.o
                0x08000800                temperatureToDigits
 .text.timeToDigits
                0x0800082c       0x32 ..\obj\utils.o
                0x0800082c                timeToDigits
 .text.cntToDigits
                0x0800085e       0x2e ..\obj\utils.o
                0x0800085e                cntToDigits
 .text.intensivityToDigits
                0x0800088c        0x2 ..\obj\utils.o
                0x0800088c                intensivityToDigits
 .text.PLLInit  0x0800088e       0x5e ..\obj\utils.o
                0x0800088e                PLLInit
 .text.getInteger
                0x080008ec        0xc ..\obj\utils.o
                0x080008ec                getInteger
 .text.getTime  0x080008f8       0x10 ..\obj\utils.o
                0x080008f8                getTime
 .text.init_leds
                0x08000908       0x30 ..\obj\leds.o
                0x08000908                init_leds
 .text.switchLight
                0x08000938       0x18 ..\obj\leds.o
                0x08000938                switchLight
 .text.SystemInit
                0x08000950       0xd4 ..\obj\system_stm32f10x.o
                0x08000950                SystemInit
 .text.reset    0x08000a24       0x2c ..\obj\ds18b20.o
                0x08000a24                reset
 .text.writeBit
                0x08000a50       0x38 ..\obj\ds18b20.o
                0x08000a50                writeBit
 .text.writeByte
                0x08000a88       0x20 ..\obj\ds18b20.o
                0x08000a88                writeByte
 .text.readBit  0x08000aa8       0x34 ..\obj\ds18b20.o
                0x08000aa8                readBit
 .text.readTemperature
                0x08000adc       0x40 ..\obj\ds18b20.o
                0x08000adc                readTemperature
 .text.getDevider
                0x08000b1c       0x1a ..\obj\ds18b20.o
                0x08000b1c                getDevider
 *fill*         0x08000b36        0x2 
 .text.setResolution
                0x08000b38       0x40 ..\obj\ds18b20.o
                0x08000b38                setResolution
 .text.ds18b20_init
                0x08000b78       0x58 ..\obj\ds18b20.o
                0x08000b78                ds18b20_init
 .text.ds18b20_getTemperature
                0x08000bd0       0x38 ..\obj\ds18b20.o
                0x08000bd0                ds18b20_getTemperature
 .text.Reset_Handler
                0x08000c08       0x44 ..\obj\startup_stm32f10x_ld_vl.o
                0x08000c08                Reset_Handler
 .text.Default_Handler
                0x08000c4c        0x2 ..\obj\startup_stm32f10x_ld_vl.o
                0x08000c4c                EXTI2_IRQHandler
                0x08000c4c                DebugMon_Handler
                0x08000c4c                TIM1_CC_IRQHandler
                0x08000c4c                SysTick_Handler
                0x08000c4c                PVD_IRQHandler
                0x08000c4c                PendSV_Handler
                0x08000c4c                NMI_Handler
                0x08000c4c                EXTI0_IRQHandler
                0x08000c4c                TIM1_UP_TIM16_IRQHandler
                0x08000c4c                SPI1_IRQHandler
                0x08000c4c                TAMPER_IRQHandler
                0x08000c4c                TIM6_DAC_IRQHandler
                0x08000c4c                DMA1_Channel4_IRQHandler
                0x08000c4c                ADC1_IRQHandler
                0x08000c4c                RTC_IRQHandler
                0x08000c4c                DMA1_Channel7_IRQHandler
                0x08000c4c                I2C1_EV_IRQHandler
                0x08000c4c                DMA1_Channel6_IRQHandler
                0x08000c4c                TIM3_IRQHandler
                0x08000c4c                RCC_IRQHandler
                0x08000c4c                DMA1_Channel1_IRQHandler
                0x08000c4c                Default_Handler
                0x08000c4c                CEC_IRQHandler
                0x08000c4c                EXTI15_10_IRQHandler
                0x08000c4c                TIM7_IRQHandler
                0x08000c4c                EXTI9_5_IRQHandler
                0x08000c4c                SVC_Handler
                0x08000c4c                DMA1_Channel5_IRQHandler
                0x08000c4c                EXTI4_IRQHandler
                0x08000c4c                TIM1_TRG_COM_TIM17_IRQHandler
                0x08000c4c                DMA1_Channel3_IRQHandler
                0x08000c4c                WWDG_IRQHandler
                0x08000c4c                EXTI1_IRQHandler
                0x08000c4c                RTCAlarm_IRQHandler
                0x08000c4c                USART2_IRQHandler
                0x08000c4c                DMA1_Channel2_IRQHandler
                0x08000c4c                FLASH_IRQHandler
                0x08000c4c                I2C1_ER_IRQHandler
                0x08000c4c                TIM1_BRK_TIM15_IRQHandler
 .text.setTime  0x08000c4e       0x16 ..\obj\rtc.o
                0x08000c4e                setTime
 .text.rtc_init
                0x08000c64       0x80 ..\obj\rtc.o
                0x08000c64                rtc_init
 .text.RTC_EnterConfigMode
                0x08000ce4       0x14 ..\obj\stm32f10x_rtc.o
                0x08000ce4                RTC_EnterConfigMode
 .text.RTC_ExitConfigMode
                0x08000cf8       0x14 ..\obj\stm32f10x_rtc.o
                0x08000cf8                RTC_ExitConfigMode
 .text.RTC_GetCounter
                0x08000d0c       0x14 ..\obj\stm32f10x_rtc.o
                0x08000d0c                RTC_GetCounter
 .text.RTC_SetCounter
                0x08000d20       0x1c ..\obj\stm32f10x_rtc.o
                0x08000d20                RTC_SetCounter
 .text.RTC_SetPrescaler
                0x08000d3c       0x20 ..\obj\stm32f10x_rtc.o
                0x08000d3c                RTC_SetPrescaler
 .text.RTC_WaitForLastTask
                0x08000d5c       0x10 ..\obj\stm32f10x_rtc.o
                0x08000d5c                RTC_WaitForLastTask
 .text.TIM_TimeBaseInit
                0x08000d6c       0x94 ..\obj\stm32f10x_tim.o
                0x08000d6c                TIM_TimeBaseInit
 .text.TIM_OC4Init
                0x08000e00       0x68 ..\obj\stm32f10x_tim.o
                0x08000e00                TIM_OC4Init
 .text.TIM_TimeBaseStructInit
                0x08000e68       0x12 ..\obj\stm32f10x_tim.o
                0x08000e68                TIM_TimeBaseStructInit
 .text.TIM_Cmd  0x08000e7a       0x18 ..\obj\stm32f10x_tim.o
                0x08000e7a                TIM_Cmd
 .text.TIM_DMACmd
                0x08000e92       0x12 ..\obj\stm32f10x_tim.o
                0x08000e92                TIM_DMACmd
 .text.TIM_ITConfig
                0x08000ea4        0x4 ..\obj\stm32f10x_tim.o
                0x08000ea4                TIM_ITConfig
 .text.TIM_EncoderInterfaceConfig
                0x08000ea8       0x3c ..\obj\stm32f10x_tim.o
                0x08000ea8                TIM_EncoderInterfaceConfig
 .text.TIM_ARRPreloadConfig
                0x08000ee4       0x18 ..\obj\stm32f10x_tim.o
                0x08000ee4                TIM_ARRPreloadConfig
 .text.TIM_OC4PreloadConfig
                0x08000efc       0x14 ..\obj\stm32f10x_tim.o
                0x08000efc                TIM_OC4PreloadConfig
 .text.TIM_GetITStatus
                0x08000f10       0x16 ..\obj\stm32f10x_tim.o
                0x08000f10                TIM_GetITStatus
 .text.TIM_ClearITPendingBit
                0x08000f26        0x8 ..\obj\stm32f10x_tim.o
                0x08000f26                TIM_ClearITPendingBit
 .text.BKP_DeInit
                0x08000f2e       0x12 ..\obj\stm32f10x_bkp.o
                0x08000f2e                BKP_DeInit
 .text.BKP_WriteBackupRegister
                0x08000f40       0x1c ..\obj\stm32f10x_bkp.o
                0x08000f40                BKP_WriteBackupRegister
 .text.BKP_ReadBackupRegister
                0x08000f5c       0x20 ..\obj\stm32f10x_bkp.o
                0x08000f5c                BKP_ReadBackupRegister
 .text.RCC_DeInit
                0x08000f7c       0x44 ..\obj\stm32f10x_rcc.o
                0x08000f7c                RCC_DeInit
 .text.RCC_HSICmd
                0x08000fc0        0xc ..\obj\stm32f10x_rcc.o
                0x08000fc0                RCC_HSICmd
 .text.RCC_PLLConfig
                0x08000fcc       0x14 ..\obj\stm32f10x_rcc.o
                0x08000fcc                RCC_PLLConfig
 .text.RCC_PLLCmd
                0x08000fe0        0xc ..\obj\stm32f10x_rcc.o
                0x08000fe0                RCC_PLLCmd
 .text.RCC_SYSCLKConfig
                0x08000fec       0x14 ..\obj\stm32f10x_rcc.o
                0x08000fec                RCC_SYSCLKConfig
 .text.RCC_GetSYSCLKSource
                0x08001000       0x10 ..\obj\stm32f10x_rcc.o
                0x08001000                RCC_GetSYSCLKSource
 .text.RCC_HCLKConfig
                0x08001010       0x14 ..\obj\stm32f10x_rcc.o
                0x08001010                RCC_HCLKConfig
 .text.RCC_PCLK1Config
                0x08001024       0x14 ..\obj\stm32f10x_rcc.o
                0x08001024                RCC_PCLK1Config
 .text.RCC_PCLK2Config
                0x08001038       0x14 ..\obj\stm32f10x_rcc.o
                0x08001038                RCC_PCLK2Config
 .text.RCC_LSEConfig
                0x0800104c       0x20 ..\obj\stm32f10x_rcc.o
                0x0800104c                RCC_LSEConfig
 .text.RCC_RTCCLKConfig
                0x0800106c       0x10 ..\obj\stm32f10x_rcc.o
                0x0800106c                RCC_RTCCLKConfig
 .text.RCC_RTCCLKCmd
                0x0800107c        0xc ..\obj\stm32f10x_rcc.o
                0x0800107c                RCC_RTCCLKCmd
 .text.RCC_GetClocksFreq
                0x08001088       0x8c ..\obj\stm32f10x_rcc.o
                0x08001088                RCC_GetClocksFreq
 .text.RCC_APB2PeriphClockCmd
                0x08001114       0x18 ..\obj\stm32f10x_rcc.o
                0x08001114                RCC_APB2PeriphClockCmd
 .text.RCC_APB1PeriphClockCmd
                0x0800112c       0x18 ..\obj\stm32f10x_rcc.o
                0x0800112c                RCC_APB1PeriphClockCmd
 .text.RCC_BackupResetCmd
                0x08001144        0xc ..\obj\stm32f10x_rcc.o
                0x08001144                RCC_BackupResetCmd
 .text.RCC_GetFlagStatus
                0x08001150       0x28 ..\obj\stm32f10x_rcc.o
                0x08001150                RCC_GetFlagStatus
 .text.RCC_ClearFlag
                0x08001178       0x10 ..\obj\stm32f10x_rcc.o
                0x08001178                RCC_ClearFlag
 .text.init_pwm
                0x08001188       0xa4 ..\obj\pwm.o
                0x08001188                init_pwm
 .text.pwmBlink
                0x0800122c       0x38 ..\obj\pwm.o
                0x0800122c                pwmBlink
 .text.FLASH_SetLatency
                0x08001264       0x14 ..\obj\stm32f10x_flash.o
                0x08001264                FLASH_SetLatency
 .text.FLASH_PrefetchBufferCmd
                0x08001278       0x18 ..\obj\stm32f10x_flash.o
                0x08001278                FLASH_PrefetchBufferCmd
 .text.EXTI3_IRQHandler
                0x08001290       0x34 ..\obj\stm32f10x_it.o
                0x08001290                EXTI3_IRQHandler
 .text.HardFault_Handler
                0x080012c4        0x2 ..\obj\stm32f10x_it.o
                0x080012c4                HardFault_Handler
 .text.MemManage_Handler
                0x080012c6        0x2 ..\obj\stm32f10x_it.o
                0x080012c6                MemManage_Handler
 .text.BusFault_Handler
                0x080012c8        0x2 ..\obj\stm32f10x_it.o
                0x080012c8                BusFault_Handler
 .text.UsageFault_Handler
                0x080012ca        0x2 ..\obj\stm32f10x_it.o
                0x080012ca                UsageFault_Handler
 .text.sendData
                0x080012cc       0x34 ..\obj\max7219.o
                0x080012cc                sendData
 .text.max7219_setIntensivity
                0x08001300       0x2e ..\obj\max7219.o
                0x08001300                max7219_setIntensivity
 .text.max7219_clean
                0x0800132e       0x26 ..\obj\max7219.o
                0x0800132e                max7219_clean
 .text.max7219_init
                0x08001354       0xbc ..\obj\max7219.o
                0x08001354                max7219_init
 .text.displayTime
                0x08001410       0x68 ..\obj\max7219.o
                0x08001410                displayTime
 .text.displayTemperature
                0x08001478       0x60 ..\obj\max7219.o
                0x08001478                displayTemperature
 .text.displayEncoder
                0x080014d8       0x60 ..\obj\max7219.o
                0x080014d8                displayEncoder
 .text.PWR_BackupAccessCmd
                0x08001538        0xc ..\obj\stm32f10x_pwr.o
                0x08001538                PWR_BackupAccessCmd
 .text.NVIC_Init
                0x08001544       0x6c ..\obj\misc.o
                0x08001544                NVIC_Init
 .text.GPIO_Init
                0x080015b0       0xa4 ..\obj\stm32f10x_gpio.o
                0x080015b0                GPIO_Init
 .text.GPIO_SetBits
                0x08001654        0x4 ..\obj\stm32f10x_gpio.o
                0x08001654                GPIO_SetBits
 .text.GPIO_ResetBits
                0x08001658        0x4 ..\obj\stm32f10x_gpio.o
                0x08001658                GPIO_ResetBits
 .text.cleanBuffer
                0x0800165c       0x20 ..\obj\main.o
                0x0800165c                cleanBuffer
 .text.sound_init
                0x0800167c       0x30 ..\obj\main.o
                0x0800167c                sound_init
 .text.USART1_IRQHandler
                0x080016ac       0x88 ..\obj\main.o
                0x080016ac                USART1_IRQHandler
 .text.init_mcu
                0x08001734       0x32 ..\obj\main.o
                0x08001734                init_mcu
 *fill*         0x08001766        0x2 
 .text.startup.main
                0x08001768      0x12c ..\obj\main.o
                0x08001768                main
 .text          0x08001894      0x370 c:/program files (x86)/gnu tools arm embedded/5.2 2015q4/bin/../lib/gcc/arm-none-eabi/5.2.1/armv7-m\libgcc.a(_arm_addsubdf3.o)
                0x08001894                __aeabi_drsub
                0x0800189c                __aeabi_dsub
                0x0800189c                __subdf3
                0x080018a0                __aeabi_dadd
                0x080018a0                __adddf3
                0x08001b18                __floatunsidf
                0x08001b18                __aeabi_ui2d
                0x08001b38                __floatsidf
                0x08001b38                __aeabi_i2d
                0x08001b5c                __aeabi_f2d
                0x08001b5c                __extendsfdf2
                0x08001b98                __floatundidf
                0x08001b98                __aeabi_ul2d
                0x08001ba8                __floatdidf
                0x08001ba8                __aeabi_l2d
 .text          0x08001c04      0x424 c:/program files (x86)/gnu tools arm embedded/5.2 2015q4/bin/../lib/gcc/arm-none-eabi/5.2.1/armv7-m\libgcc.a(_arm_muldivdf3.o)
                0x08001c04                __aeabi_dmul
                0x08001c04                __muldf3
                0x08001e58                __divdf3
                0x08001e58                __aeabi_ddiv
 .text          0x08002028       0x40 c:/program files (x86)/gnu tools arm embedded/5.2 2015q4/bin/../lib/gcc/arm-none-eabi/5.2.1/armv7-m\libgcc.a(_arm_fixunsdfsi.o)
                0x08002028                __aeabi_d2uiz
                0x08002028                __fixunsdfsi
 .text          0x08002068      0x21c c:/program files (x86)/gnu tools arm embedded/5.2 2015q4/bin/../lib/gcc/arm-none-eabi/5.2.1/armv7-m\libgcc.a(_arm_addsubsf3.o)
                0x08002068                __aeabi_frsub
                0x08002070                __subsf3
                0x08002070                __aeabi_fsub
                0x08002074                __aeabi_fadd
                0x08002074                __addsf3
                0x080021d4                __aeabi_ui2f
                0x080021d4                __floatunsisf
                0x080021dc                __aeabi_i2f
                0x080021dc                __floatsisf
                0x080021f8                __aeabi_ul2f
                0x080021f8                __floatundisf
                0x08002208                __aeabi_l2f
                0x08002208                __floatdisf
 .text.startup.register_fini
                0x08002284       0x14 c:/program files (x86)/gnu tools arm embedded/5.2 2015q4/bin/../lib/gcc/arm-none-eabi/5.2.1/../../../../arm-none-eabi/lib/armv7-m\libg.a(lib_a-__call_atexit.o)
 .text.atexit   0x08002298        0xc c:/program files (x86)/gnu tools arm embedded/5.2 2015q4/bin/../lib/gcc/arm-none-eabi/5.2.1/../../../../arm-none-eabi/lib/armv7-m\libg.a(lib_a-atexit.o)
                0x08002298                atexit
 .text.__libc_fini_array
                0x080022a4       0x28 c:/program files (x86)/gnu tools arm embedded/5.2 2015q4/bin/../lib/gcc/arm-none-eabi/5.2.1/../../../../arm-none-eabi/lib/armv7-m\libg.a(lib_a-fini.o)
                0x080022a4                __libc_fini_array
 .text.__register_exitproc
                0x080022cc       0xa4 c:/program files (x86)/gnu tools arm embedded/5.2 2015q4/bin/../lib/gcc/arm-none-eabi/5.2.1/../../../../arm-none-eabi/lib/armv7-m\libg.a(lib_a-__atexit.o)
                0x080022cc                __register_exitproc
 *(.init)
 .init          0x08002370        0x4 c:/program files (x86)/gnu tools arm embedded/5.2 2015q4/bin/../lib/gcc/arm-none-eabi/5.2.1/armv7-m/crti.o
                0x08002370                _init
 .init          0x08002374        0x8 c:/program files (x86)/gnu tools arm embedded/5.2 2015q4/bin/../lib/gcc/arm-none-eabi/5.2.1/armv7-m/crtn.o
 *(.fini)
 .fini          0x0800237c        0x4 c:/program files (x86)/gnu tools arm embedded/5.2 2015q4/bin/../lib/gcc/arm-none-eabi/5.2.1/armv7-m/crti.o
                0x0800237c                _fini
 .fini          0x08002380        0x8 c:/program files (x86)/gnu tools arm embedded/5.2 2015q4/bin/../lib/gcc/arm-none-eabi/5.2.1/armv7-m/crtn.o
 *crtbegin.o(.ctors)
 *crtbegin?.o(.ctors)
 *(EXCLUDE_FILE(*crtend.o *crtend?.o) .ctors)
 *(SORT(.ctors.*))
 *(.ctors)
 *crtbegin.o(.dtors)
 *crtbegin?.o(.dtors)
 *(EXCLUDE_FILE(*crtend.o *crtend?.o) .dtors)
 *(SORT(.dtors.*))
 *(.dtors)
 *(.rodata*)
 .rodata.str1.1
                0x08002388       0x6f ..\obj\esp8266.o
 *fill*         0x080023f7        0x1 
 .rodata.SYMBOLS
                0x080023f8       0x16 ..\obj\max7219.o
 *fill*         0x0800240e        0x2 
 .rodata.str1.4
                0x08002410        0x4 c:/program files (x86)/gnu tools arm embedded/5.2 2015q4/bin/../lib/gcc/arm-none-eabi/5.2.1/../../../../arm-none-eabi/lib/armv7-m\libg.a(lib_a-impure.o)
                                  0x2 (size before relaxing)
 .rodata._global_impure_ptr
                0x08002414        0x4 c:/program files (x86)/gnu tools arm embedded/5.2 2015q4/bin/../lib/gcc/arm-none-eabi/5.2.1/../../../../arm-none-eabi/lib/armv7-m\libg.a(lib_a-impure.o)
                0x08002414                _global_impure_ptr
 *(.eh_fram e*)

.eh_frame       0x08002418        0x0
 .eh_frame      0x08002418        0x0 c:/program files (x86)/gnu tools arm embedded/5.2 2015q4/bin/../lib/gcc/arm-none-eabi/5.2.1/armv7-m/crtbegin.o

.glue_7         0x08002418        0x0
 .glue_7        0x08002418        0x0 linker stubs

.glue_7t        0x08002418        0x0
 .glue_7t       0x08002418        0x0 linker stubs

.vfp11_veneer   0x08002418        0x0
 .vfp11_veneer  0x08002418        0x0 linker stubs

.v4_bx          0x08002418        0x0
 .v4_bx         0x08002418        0x0 linker stubs

.iplt           0x08002418        0x0
 .iplt          0x08002418        0x0 c:/program files (x86)/gnu tools arm embedded/5.2 2015q4/bin/../lib/gcc/arm-none-eabi/5.2.1/armv7-m/crtbegin.o

.rel.dyn        0x08002418        0x0
 .rel.iplt      0x08002418        0x0 c:/program files (x86)/gnu tools arm embedded/5.2 2015q4/bin/../lib/gcc/arm-none-eabi/5.2.1/armv7-m/crtbegin.o

.ARM.extab
 *(.ARM.extab* .gnu.linkonce.armextab.*)
                0x08002418                __exidx_start = .

.ARM.exidx
 *(.ARM.exidx* .gnu.linkonce.armexidx.*)
                0x08002418                __exidx_end = .
                0x08002418                __etext = .
                0x08002418                _sidata = __etext

.data           0x20000000      0x458 load address 0x08002418
                0x20000000                __data_start__ = .
                0x20000000                _sdata = __data_start__
 *(vtable)
 *(.data*)
 .data.capture_is_first
                0x20000000        0x1 ..\obj\encoder.o
                0x20000000                capture_is_first
 *fill*         0x20000001        0x3 
 .data.SystemCoreClock
                0x20000004        0x4 ..\obj\system_stm32f10x.o
                0x20000004                SystemCoreClock
 .data.DELAY_WAIT_CONVERT
                0x20000008        0x4 ..\obj\ds18b20.o
                0x20000008                DELAY_WAIT_CONVERT
 .data.ADCPrescTable
                0x2000000c        0x4 ..\obj\stm32f10x_rcc.o
 .data.APBAHBPrescTable
                0x20000010       0x10 ..\obj\stm32f10x_rcc.o
 .data.impure_data
                0x20000020      0x428 c:/program files (x86)/gnu tools arm embedded/5.2 2015q4/bin/../lib/gcc/arm-none-eabi/5.2.1/../../../../arm-none-eabi/lib/armv7-m\libg.a(lib_a-impure.o)
                0x20000448                . = ALIGN (0x4)
                0x20000448                PROVIDE (__preinit_array_start, .)
 *(.preinit_array)
                0x20000448                PROVIDE (__preinit_array_end, .)
                0x20000448                . = ALIGN (0x4)
                0x20000448                PROVIDE (__init_array_start, .)
 *(SORT(.init_array.*))
 .init_array.00000
                0x20000448        0x4 c:/program files (x86)/gnu tools arm embedded/5.2 2015q4/bin/../lib/gcc/arm-none-eabi/5.2.1/../../../../arm-none-eabi/lib/armv7-m\libg.a(lib_a-__call_atexit.o)
 *(.init_array)
 .init_array    0x2000044c        0x4 c:/program files (x86)/gnu tools arm embedded/5.2 2015q4/bin/../lib/gcc/arm-none-eabi/5.2.1/armv7-m/crtbegin.o
                0x20000450                PROVIDE (__init_array_end, .)
                0x20000450                . = ALIGN (0x4)
                0x20000450                PROVIDE (__fini_array_start, .)
 *(SORT(.fini_array.*))
 *(.fini_array)
 .fini_array    0x20000450        0x4 c:/program files (x86)/gnu tools arm embedded/5.2 2015q4/bin/../lib/gcc/arm-none-eabi/5.2.1/armv7-m/crtbegin.o
                0x20000454                PROVIDE (__fini_array_end, .)
 *(.jcr*)
 .jcr           0x20000454        0x0 c:/program files (x86)/gnu tools arm embedded/5.2 2015q4/bin/../lib/gcc/arm-none-eabi/5.2.1/armv7-m/crtbegin.o
 .jcr           0x20000454        0x4 c:/program files (x86)/gnu tools arm embedded/5.2 2015q4/bin/../lib/gcc/arm-none-eabi/5.2.1/armv7-m/crtend.o
                0x20000458                . = ALIGN (0x4)
                0x20000458                __data_end__ = .
                0x20000458                _edata = __data_end__

.tm_clone_table
                0x20000458        0x0 load address 0x08002870
 .tm_clone_table
                0x20000458        0x0 c:/program files (x86)/gnu tools arm embedded/5.2 2015q4/bin/../lib/gcc/arm-none-eabi/5.2.1/armv7-m/crtbegin.o
 .tm_clone_table
                0x20000458        0x0 c:/program files (x86)/gnu tools arm embedded/5.2 2015q4/bin/../lib/gcc/arm-none-eabi/5.2.1/armv7-m/crtend.o

.igot.plt       0x20000458        0x0 load address 0x08002870
 .igot.plt      0x20000458        0x0 c:/program files (x86)/gnu tools arm embedded/5.2 2015q4/bin/../lib/gcc/arm-none-eabi/5.2.1/armv7-m/crtbegin.o

.bss            0x20000458      0x42c load address 0x08002870
                0x20000458                . = ALIGN (0x4)
                0x20000458                __bss_start__ = .
                0x20000458                _sbss = __bss_start__
 *(.bss*)
 .bss           0x20000458       0x1c c:/program files (x86)/gnu tools arm embedded/5.2 2015q4/bin/../lib/gcc/arm-none-eabi/5.2.1/armv7-m/crtbegin.o
 .bss.capture_is_ready
                0x20000474        0x1 ..\obj\encoder.o
                0x20000474                capture_is_ready
 .bss.captured_direction
                0x20000475        0x1 ..\obj\encoder.o
                0x20000475                captured_direction
 .bss.STATE     0x20000476        0x1 ..\obj\utils.o
 .bss.currentData
                0x20000477        0x1 ..\obj\main.o
 .bss.index     0x20000478        0x1 ..\obj\main.o
 .bss.buffer    0x20000479      0x400 ..\obj\main.o
 *(COMMON)
 *fill*         0x20000879        0x1 
 COMMON         0x2000087a        0x4 ..\obj\button.o
                0x2000087a                BUTTON
 COMMON         0x2000087e        0x4 ..\obj\ds18b20.o
                0x2000087e                DS18B20
                0x20000884                . = ALIGN (0x4)
 *fill*         0x20000882        0x2 
                0x20000884                __bss_end__ = .
                0x20000884                _ebss = __bss_end__

.heap           0x20000884        0x0
                0x20000884                __end__ = .
                0x20000884                _end = __end__
                0x20000884                end = __end__
 *(.heap*)
                0x20000884                __HeapLimit = .

.co_stack       0x20000884        0x4 load address 0x08002c9c
                0x20000888                . = ALIGN (0x8)
 *fill*         0x20000884        0x4 
 *(.co_stack .co_stack.*)
                0x20001000                __StackTop = (ORIGIN (ram) + LENGTH (ram))
                0x20000ffc                __StackLimit = (__StackTop - SIZEOF (.co_stack))
                0x20001000                PROVIDE (__stack, __StackTop)
                0x00000001                ASSERT ((__StackLimit >= __HeapLimit), region ram  overflowed with stack)
LOAD ..\obj\esp8266.o
LOAD ..\obj\stm32f10x_spi.o
LOAD ..\obj\stm32f10x_cec.o
LOAD ..\obj\stm32f10x_usart.o
LOAD ..\obj\button.o
LOAD ..\obj\stm32f10x_sdio.o
LOAD ..\obj\stm32f10x_dac.o
LOAD ..\obj\encoder.o
LOAD ..\obj\stm32f10x_fsmc.o
LOAD ..\obj\utils.o
LOAD ..\obj\leds.o
LOAD ..\obj\system_stm32f10x.o
LOAD ..\obj\ds18b20.o
LOAD ..\obj\startup_stm32f10x_ld_vl.o
LOAD ..\obj\stm32f10x_wwdg.o
LOAD ..\obj\rtc.o
LOAD ..\obj\stm32f10x_rtc.o
LOAD ..\obj\stm32f10x_iwdg.o
LOAD ..\obj\stm32f10x_adc.o
LOAD ..\obj\stm32f10x_exti.o
LOAD ..\obj\stm32f10x_tim.o
LOAD ..\obj\stm32f10x_bkp.o
LOAD ..\obj\stm32f10x_dma.o
LOAD ..\obj\stm32f10x_rcc.o
LOAD ..\obj\pwm.o
LOAD ..\obj\stm32f10x_flash.o
LOAD ..\obj\stm32f10x_it.o
LOAD ..\obj\max7219.o
LOAD ..\obj\stm32f10x_dbgmcu.o
LOAD ..\obj\stm32f10x_i2c.o
LOAD ..\obj\stm32f10x_pwr.o
LOAD ..\obj\stm32f10x_crc.o
LOAD ..\obj\misc.o
LOAD ..\obj\stm32f10x_can.o
LOAD ..\obj\stm32f10x_gpio.o
LOAD ..\obj\main.o
START GROUP
LOAD c:/program files (x86)/gnu tools arm embedded/5.2 2015q4/bin/../lib/gcc/arm-none-eabi/5.2.1/armv7-m\libgcc.a
LOAD c:/program files (x86)/gnu tools arm embedded/5.2 2015q4/bin/../lib/gcc/arm-none-eabi/5.2.1/../../../../arm-none-eabi/lib/armv7-m\libg.a
LOAD c:/program files (x86)/gnu tools arm embedded/5.2 2015q4/bin/../lib/gcc/arm-none-eabi/5.2.1/../../../../arm-none-eabi/lib/armv7-m\libc.a
END GROUP
LOAD c:/program files (x86)/gnu tools arm embedded/5.2 2015q4/bin/../lib/gcc/arm-none-eabi/5.2.1/armv7-m/crtend.o
LOAD c:/program files (x86)/gnu tools arm embedded/5.2 2015q4/bin/../lib/gcc/arm-none-eabi/5.2.1/armv7-m/crtn.o
OUTPUT(wifi_clock.elf elf32-littlearm)

.ARM.attributes
                0x00000000       0x29
 .ARM.attributes
                0x00000000       0x1d c:/program files (x86)/gnu tools arm embedded/5.2 2015q4/bin/../lib/gcc/arm-none-eabi/5.2.1/armv7-m/crti.o
 .ARM.attributes
                0x0000001d       0x2d c:/program files (x86)/gnu tools arm embedded/5.2 2015q4/bin/../lib/gcc/arm-none-eabi/5.2.1/armv7-m/crtbegin.o
 .ARM.attributes
                0x0000004a       0x33 ..\obj\esp8266.o
 .ARM.attributes
                0x0000007d       0x33 ..\obj\stm32f10x_spi.o
 .ARM.attributes
                0x000000b0       0x33 ..\obj\stm32f10x_usart.o
 .ARM.attributes
                0x000000e3       0x33 ..\obj\button.o
 .ARM.attributes
                0x00000116       0x33 ..\obj\encoder.o
 .ARM.attributes
                0x00000149       0x33 ..\obj\utils.o
 .ARM.attributes
                0x0000017c       0x33 ..\obj\leds.o
 .ARM.attributes
                0x000001af       0x33 ..\obj\system_stm32f10x.o
 .ARM.attributes
                0x000001e2       0x33 ..\obj\ds18b20.o
 .ARM.attributes
                0x00000215       0x21 ..\obj\startup_stm32f10x_ld_vl.o
 .ARM.attributes
                0x00000236       0x33 ..\obj\rtc.o
 .ARM.attributes
                0x00000269       0x33 ..\obj\stm32f10x_rtc.o
 .ARM.attributes
                0x0000029c       0x33 ..\obj\stm32f10x_tim.o
 .ARM.attributes
                0x000002cf       0x33 ..\obj\stm32f10x_bkp.o
 .ARM.attributes
                0x00000302       0x33 ..\obj\stm32f10x_rcc.o
 .ARM.attributes
                0x00000335       0x33 ..\obj\pwm.o
 .ARM.attributes
                0x00000368       0x33 ..\obj\stm32f10x_flash.o
 .ARM.attributes
                0x0000039b       0x33 ..\obj\stm32f10x_it.o
 .ARM.attributes
                0x000003ce       0x33 ..\obj\max7219.o
 .ARM.attributes
                0x00000401       0x33 ..\obj\stm32f10x_pwr.o
 .ARM.attributes
                0x00000434       0x33 ..\obj\misc.o
 .ARM.attributes
                0x00000467       0x33 ..\obj\stm32f10x_gpio.o
 .ARM.attributes
                0x0000049a       0x33 ..\obj\main.o
 .ARM.attributes
                0x000004cd       0x1d c:/program files (x86)/gnu tools arm embedded/5.2 2015q4/bin/../lib/gcc/arm-none-eabi/5.2.1/armv7-m\libgcc.a(_arm_addsubdf3.o)
 .ARM.attributes
                0x000004ea       0x1d c:/program files (x86)/gnu tools arm embedded/5.2 2015q4/bin/../lib/gcc/arm-none-eabi/5.2.1/armv7-m\libgcc.a(_arm_muldivdf3.o)
 .ARM.attributes
                0x00000507       0x1d c:/program files (x86)/gnu tools arm embedded/5.2 2015q4/bin/../lib/gcc/arm-none-eabi/5.2.1/armv7-m\libgcc.a(_arm_fixunsdfsi.o)
 .ARM.attributes
                0x00000524       0x1d c:/program files (x86)/gnu tools arm embedded/5.2 2015q4/bin/../lib/gcc/arm-none-eabi/5.2.1/armv7-m\libgcc.a(_arm_addsubsf3.o)
 .ARM.attributes
                0x00000541       0x2d c:/program files (x86)/gnu tools arm embedded/5.2 2015q4/bin/../lib/gcc/arm-none-eabi/5.2.1/../../../../arm-none-eabi/lib/armv7-m\libg.a(lib_a-impure.o)
 .ARM.attributes
                0x0000056e       0x2d c:/program files (x86)/gnu tools arm embedded/5.2 2015q4/bin/../lib/gcc/arm-none-eabi/5.2.1/../../../../arm-none-eabi/lib/armv7-m\libg.a(lib_a-__call_atexit.o)
 .ARM.attributes
                0x0000059b       0x2d c:/program files (x86)/gnu tools arm embedded/5.2 2015q4/bin/../lib/gcc/arm-none-eabi/5.2.1/../../../../arm-none-eabi/lib/armv7-m\libg.a(lib_a-atexit.o)
 .ARM.attributes
                0x000005c8       0x2d c:/program files (x86)/gnu tools arm embedded/5.2 2015q4/bin/../lib/gcc/arm-none-eabi/5.2.1/../../../../arm-none-eabi/lib/armv7-m\libg.a(lib_a-fini.o)
 .ARM.attributes
                0x000005f5       0x2d c:/program files (x86)/gnu tools arm embedded/5.2 2015q4/bin/../lib/gcc/arm-none-eabi/5.2.1/../../../../arm-none-eabi/lib/armv7-m\libg.a(lib_a-__atexit.o)
 .ARM.attributes
                0x00000622       0x2d c:/program files (x86)/gnu tools arm embedded/5.2 2015q4/bin/../lib/gcc/arm-none-eabi/5.2.1/armv7-m/crtend.o
 .ARM.attributes
                0x0000064f       0x1d c:/program files (x86)/gnu tools arm embedded/5.2 2015q4/bin/../lib/gcc/arm-none-eabi/5.2.1/armv7-m/crtn.o

.comment        0x00000000       0x6e
 .comment       0x00000000       0x6e ..\obj\esp8266.o
                                 0x6f (size before relaxing)
 .comment       0x0000006e       0x6f ..\obj\stm32f10x_spi.o
 .comment       0x0000006e       0x6f ..\obj\stm32f10x_usart.o
 .comment       0x0000006e       0x6f ..\obj\button.o
 .comment       0x0000006e       0x6f ..\obj\encoder.o
 .comment       0x0000006e       0x6f ..\obj\utils.o
 .comment       0x0000006e       0x6f ..\obj\leds.o
 .comment       0x0000006e       0x6f ..\obj\system_stm32f10x.o
 .comment       0x0000006e       0x6f ..\obj\ds18b20.o
 .comment       0x0000006e       0x6f ..\obj\rtc.o
 .comment       0x0000006e       0x6f ..\obj\stm32f10x_rtc.o
 .comment       0x0000006e       0x6f ..\obj\stm32f10x_tim.o
 .comment       0x0000006e       0x6f ..\obj\stm32f10x_bkp.o
 .comment       0x0000006e       0x6f ..\obj\stm32f10x_rcc.o
 .comment       0x0000006e       0x6f ..\obj\pwm.o
 .comment       0x0000006e       0x6f ..\obj\stm32f10x_flash.o
 .comment       0x0000006e       0x6f ..\obj\stm32f10x_it.o
 .comment       0x0000006e       0x6f ..\obj\max7219.o
 .comment       0x0000006e       0x6f ..\obj\stm32f10x_pwr.o
 .comment       0x0000006e       0x6f ..\obj\misc.o
 .comment       0x0000006e       0x6f ..\obj\stm32f10x_gpio.o
 .comment       0x0000006e       0x6f ..\obj\main.o

.debug_info     0x00000000     0xb090
 .debug_info    0x00000000      0x96c ..\obj\esp8266.o
 .debug_info    0x0000096c      0x9a2 ..\obj\stm32f10x_spi.o
 .debug_info    0x0000130e      0xac9 ..\obj\stm32f10x_usart.o
 .debug_info    0x00001dd7      0x53d ..\obj\button.o
 .debug_info    0x00002314      0x6c6 ..\obj\encoder.o
 .debug_info    0x000029da      0x4e4 ..\obj\utils.o
 .debug_info    0x00002ebe      0x2f2 ..\obj\leds.o
 .debug_info    0x000031b0      0x447 ..\obj\system_stm32f10x.o
 .debug_info    0x000035f7      0x6f9 ..\obj\ds18b20.o
 .debug_info    0x00003cf0       0xe3 ..\obj\startup_stm32f10x_ld_vl.o
 .debug_info    0x00003dd3      0x328 ..\obj\rtc.o
 .debug_info    0x000040fb      0x459 ..\obj\stm32f10x_rtc.o
 .debug_info    0x00004554     0x200c ..\obj\stm32f10x_tim.o
 .debug_info    0x00006560      0x7db ..\obj\stm32f10x_bkp.o
 .debug_info    0x00006d3b      0x93e ..\obj\stm32f10x_rcc.o
 .debug_info    0x00007679      0x6ed ..\obj\pwm.o
 .debug_info    0x00007d66      0x96b ..\obj\stm32f10x_flash.o
 .debug_info    0x000086d1      0x1f8 ..\obj\stm32f10x_it.o
 .debug_info    0x000088c9      0xa45 ..\obj\max7219.o
 .debug_info    0x0000930e      0x4cf ..\obj\stm32f10x_pwr.o
 .debug_info    0x000097dd      0x545 ..\obj\misc.o
 .debug_info    0x00009d22      0x7ef ..\obj\stm32f10x_gpio.o
 .debug_info    0x0000a511      0xb7f ..\obj\main.o

.debug_abbrev   0x00000000     0x25a1
 .debug_abbrev  0x00000000      0x1f6 ..\obj\esp8266.o
 .debug_abbrev  0x000001f6      0x1e6 ..\obj\stm32f10x_spi.o
 .debug_abbrev  0x000003dc      0x1e4 ..\obj\stm32f10x_usart.o
 .debug_abbrev  0x000005c0      0x1a4 ..\obj\button.o
 .debug_abbrev  0x00000764      0x140 ..\obj\encoder.o
 .debug_abbrev  0x000008a4      0x193 ..\obj\utils.o
 .debug_abbrev  0x00000a37      0x164 ..\obj\leds.o
 .debug_abbrev  0x00000b9b      0x16e ..\obj\system_stm32f10x.o
 .debug_abbrev  0x00000d09      0x210 ..\obj\ds18b20.o
 .debug_abbrev  0x00000f19       0x12 ..\obj\startup_stm32f10x_ld_vl.o
 .debug_abbrev  0x00000f2b       0xeb ..\obj\rtc.o
 .debug_abbrev  0x00001016      0x18e ..\obj\stm32f10x_rtc.o
 .debug_abbrev  0x000011a4      0x2d0 ..\obj\stm32f10x_tim.o
 .debug_abbrev  0x00001474      0x1a3 ..\obj\stm32f10x_bkp.o
 .debug_abbrev  0x00001617      0x1e2 ..\obj\stm32f10x_rcc.o
 .debug_abbrev  0x000017f9      0x187 ..\obj\pwm.o
 .debug_abbrev  0x00001980      0x1d5 ..\obj\stm32f10x_flash.o
 .debug_abbrev  0x00001b55      0x10c ..\obj\stm32f10x_it.o
 .debug_abbrev  0x00001c61      0x22c ..\obj\max7219.o
 .debug_abbrev  0x00001e8d      0x1bf ..\obj\stm32f10x_pwr.o
 .debug_abbrev  0x0000204c      0x156 ..\obj\misc.o
 .debug_abbrev  0x000021a2      0x1fe ..\obj\stm32f10x_gpio.o
 .debug_abbrev  0x000023a0      0x201 ..\obj\main.o

.debug_loc      0x00000000     0x4a4d
 .debug_loc     0x00000000      0x1e8 ..\obj\esp8266.o
 .debug_loc     0x000001e8      0x5fa ..\obj\stm32f10x_spi.o
 .debug_loc     0x000007e2      0x751 ..\obj\stm32f10x_usart.o
 .debug_loc     0x00000f33       0x14 ..\obj\button.o
 .debug_loc     0x00000f47      0x194 ..\obj\utils.o
 .debug_loc     0x000010db       0x3a ..\obj\leds.o
 .debug_loc     0x00001115       0xad ..\obj\system_stm32f10x.o
 .debug_loc     0x000011c2      0x185 ..\obj\ds18b20.o
 .debug_loc     0x00001347       0x2c ..\obj\rtc.o
 .debug_loc     0x00001373      0x1fe ..\obj\stm32f10x_rtc.o
 .debug_loc     0x00001571     0x1c08 ..\obj\stm32f10x_tim.o
 .debug_loc     0x00003179       0xee ..\obj\stm32f10x_bkp.o
 .debug_loc     0x00003267      0x6f9 ..\obj\stm32f10x_rcc.o
 .debug_loc     0x00003960       0x5d ..\obj\pwm.o
 .debug_loc     0x000039bd      0x717 ..\obj\stm32f10x_flash.o
 .debug_loc     0x000040d4      0x126 ..\obj\max7219.o
 .debug_loc     0x000041fa      0x111 ..\obj\stm32f10x_pwr.o
 .debug_loc     0x0000430b      0x161 ..\obj\misc.o
 .debug_loc     0x0000446c      0x4ed ..\obj\stm32f10x_gpio.o
 .debug_loc     0x00004959       0xf4 ..\obj\main.o

.debug_aranges  0x00000000      0xbc8
 .debug_aranges
                0x00000000       0x38 ..\obj\esp8266.o
 .debug_aranges
                0x00000038       0xd0 ..\obj\stm32f10x_spi.o
 .debug_aranges
                0x00000108      0x100 ..\obj\stm32f10x_usart.o
 .debug_aranges
                0x00000208       0x20 ..\obj\button.o
 .debug_aranges
                0x00000228       0x28 ..\obj\encoder.o
 .debug_aranges
                0x00000250       0x68 ..\obj\utils.o
 .debug_aranges
                0x000002b8       0x28 ..\obj\leds.o
 .debug_aranges
                0x000002e0       0x28 ..\obj\system_stm32f10x.o
 .debug_aranges
                0x00000308       0x60 ..\obj\ds18b20.o
 .debug_aranges
                0x00000368       0x28 ..\obj\startup_stm32f10x_ld_vl.o
 .debug_aranges
                0x00000390       0x28 ..\obj\rtc.o
 .debug_aranges
                0x000003b8       0x80 ..\obj\stm32f10x_rtc.o
 .debug_aranges
                0x00000438      0x2d0 ..\obj\stm32f10x_tim.o
 .debug_aranges
                0x00000708       0x78 ..\obj\stm32f10x_bkp.o
 .debug_aranges
                0x00000780      0x120 ..\obj\stm32f10x_rcc.o
 .debug_aranges
                0x000008a0       0x28 ..\obj\pwm.o
 .debug_aranges
                0x000008c8       0xd8 ..\obj\stm32f10x_flash.o
 .debug_aranges
                0x000009a0       0x40 ..\obj\stm32f10x_it.o
 .debug_aranges
                0x000009e0       0x58 ..\obj\max7219.o
 .debug_aranges
                0x00000a38       0x60 ..\obj\stm32f10x_pwr.o
 .debug_aranges
                0x00000a98       0x40 ..\obj\misc.o
 .debug_aranges
                0x00000ad8       0xa8 ..\obj\stm32f10x_gpio.o
 .debug_aranges
                0x00000b80       0x48 ..\obj\main.o

.debug_ranges   0x00000000      0xb28
 .debug_ranges  0x00000000       0x40 ..\obj\esp8266.o
 .debug_ranges  0x00000040       0xc0 ..\obj\stm32f10x_spi.o
 .debug_ranges  0x00000100       0xf0 ..\obj\stm32f10x_usart.o
 .debug_ranges  0x000001f0       0x10 ..\obj\button.o
 .debug_ranges  0x00000200       0x18 ..\obj\encoder.o
 .debug_ranges  0x00000218       0x70 ..\obj\utils.o
 .debug_ranges  0x00000288       0x18 ..\obj\leds.o
 .debug_ranges  0x000002a0       0x30 ..\obj\system_stm32f10x.o
 .debug_ranges  0x000002d0       0x50 ..\obj\ds18b20.o
 .debug_ranges  0x00000320       0x20 ..\obj\startup_stm32f10x_ld_vl.o
 .debug_ranges  0x00000340       0x18 ..\obj\rtc.o
 .debug_ranges  0x00000358       0x70 ..\obj\stm32f10x_rtc.o
 .debug_ranges  0x000003c8      0x2f8 ..\obj\stm32f10x_tim.o
 .debug_ranges  0x000006c0       0x68 ..\obj\stm32f10x_bkp.o
 .debug_ranges  0x00000728      0x110 ..\obj\stm32f10x_rcc.o
 .debug_ranges  0x00000838       0x30 ..\obj\pwm.o
 .debug_ranges  0x00000868       0xc8 ..\obj\stm32f10x_flash.o
 .debug_ranges  0x00000930       0x30 ..\obj\stm32f10x_it.o
 .debug_ranges  0x00000960       0x78 ..\obj\max7219.o
 .debug_ranges  0x000009d8       0x50 ..\obj\stm32f10x_pwr.o
 .debug_ranges  0x00000a28       0x30 ..\obj\misc.o
 .debug_ranges  0x00000a58       0x98 ..\obj\stm32f10x_gpio.o
 .debug_ranges  0x00000af0       0x38 ..\obj\main.o

.debug_line     0x00000000     0x4d83
 .debug_line    0x00000000      0x36e ..\obj\esp8266.o
 .debug_line    0x0000036e      0x429 ..\obj\stm32f10x_spi.o
 .debug_line    0x00000797      0x49f ..\obj\stm32f10x_usart.o
 .debug_line    0x00000c36      0x230 ..\obj\button.o
 .debug_line    0x00000e66      0x26f ..\obj\encoder.o
 .debug_line    0x000010d5      0x307 ..\obj\utils.o
 .debug_line    0x000013dc      0x24a ..\obj\leds.o
 .debug_line    0x00001626      0x23c ..\obj\system_stm32f10x.o
 .debug_line    0x00001862      0x31f ..\obj\ds18b20.o
 .debug_line    0x00001b81       0xd8 ..\obj\startup_stm32f10x_ld_vl.o
 .debug_line    0x00001c59      0x27d ..\obj\rtc.o
 .debug_line    0x00001ed6      0x2e7 ..\obj\stm32f10x_rtc.o
 .debug_line    0x000021bd      0xb00 ..\obj\stm32f10x_tim.o
 .debug_line    0x00002cbd      0x2c3 ..\obj\stm32f10x_bkp.o
 .debug_line    0x00002f80      0x4a6 ..\obj\stm32f10x_rcc.o
 .debug_line    0x00003426      0x2c6 ..\obj\pwm.o
 .debug_line    0x000036ec      0x49b ..\obj\stm32f10x_flash.o
 .debug_line    0x00003b87      0x26e ..\obj\stm32f10x_it.o
 .debug_line    0x00003df5      0x355 ..\obj\max7219.o
 .debug_line    0x0000414a      0x2bc ..\obj\stm32f10x_pwr.o
 .debug_line    0x00004406      0x246 ..\obj\misc.o
 .debug_line    0x0000464c      0x3ba ..\obj\stm32f10x_gpio.o
 .debug_line    0x00004a06      0x37d ..\obj\main.o

.debug_str      0x00000000     0x3632
 .debug_str     0x00000000      0x73c ..\obj\esp8266.o
                                0x7a8 (size before relaxing)
 .debug_str     0x0000073c      0x48b ..\obj\stm32f10x_spi.o
                                0x693 (size before relaxing)
 .debug_str     0x00000bc7      0x38d ..\obj\stm32f10x_usart.o
                                0x726 (size before relaxing)
 .debug_str     0x00000f54       0xb3 ..\obj\button.o
                                0x5f7 (size before relaxing)
 .debug_str     0x00001007      0x25e ..\obj\encoder.o
                                0x59b (size before relaxing)
 .debug_str     0x00001265      0x211 ..\obj\utils.o
                                0x3a4 (size before relaxing)
 .debug_str     0x00001476       0x74 ..\obj\leds.o
                                0x33d (size before relaxing)
 .debug_str     0x000014ea      0x190 ..\obj\system_stm32f10x.o
                                0x331 (size before relaxing)
 .debug_str     0x0000167a      0x1c0 ..\obj\ds18b20.o
                                0x4bf (size before relaxing)
 .debug_str     0x0000183a      0x104 ..\obj\rtc.o
                                0x2c5 (size before relaxing)
 .debug_str     0x0000193e      0x188 ..\obj\stm32f10x_rtc.o
                                0x3ea (size before relaxing)
 .debug_str     0x00001ac6      0xa0a ..\obj\stm32f10x_tim.o
                                0xe46 (size before relaxing)
 .debug_str     0x000024d0      0x335 ..\obj\stm32f10x_bkp.o
                                0x61e (size before relaxing)
 .debug_str     0x00002805      0x290 ..\obj\stm32f10x_rcc.o
                                0x6c3 (size before relaxing)
 .debug_str     0x00002a95       0x56 ..\obj\pwm.o
                                0x5b4 (size before relaxing)
 .debug_str     0x00002aeb      0x3ed ..\obj\stm32f10x_flash.o
                                0x5f7 (size before relaxing)
 .debug_str     0x00002ed8       0x98 ..\obj\stm32f10x_it.o
                                0x26e (size before relaxing)
 .debug_str     0x00002f70      0x188 ..\obj\max7219.o
                                0x5db (size before relaxing)
 .debug_str     0x000030f8      0x13e ..\obj\stm32f10x_pwr.o
                                0x38f (size before relaxing)
 .debug_str     0x00003236      0x133 ..\obj\misc.o
                                0x414 (size before relaxing)
 .debug_str     0x00003369      0x242 ..\obj\stm32f10x_gpio.o
                                0x586 (size before relaxing)
 .debug_str     0x000035ab       0x87 ..\obj\main.o
                                0x716 (size before relaxing)

.debug_frame    0x00000000     0x1a54
 .debug_frame   0x00000000       0x90 ..\obj\esp8266.o
 .debug_frame   0x00000090      0x1bc ..\obj\stm32f10x_spi.o
 .debug_frame   0x0000024c      0x224 ..\obj\stm32f10x_usart.o
 .debug_frame   0x00000470       0x28 ..\obj\button.o
 .debug_frame   0x00000498       0x44 ..\obj\encoder.o
 .debug_frame   0x000004dc       0xd0 ..\obj\utils.o
 .debug_frame   0x000005ac       0x38 ..\obj\leds.o
 .debug_frame   0x000005e4       0x44 ..\obj\system_stm32f10x.o
 .debug_frame   0x00000628      0x100 ..\obj\ds18b20.o
 .debug_frame   0x00000728       0x48 ..\obj\rtc.o
 .debug_frame   0x00000770      0x114 ..\obj\stm32f10x_rtc.o
 .debug_frame   0x00000884      0x6b4 ..\obj\stm32f10x_tim.o
 .debug_frame   0x00000f38       0xec ..\obj\stm32f10x_bkp.o
 .debug_frame   0x00001024      0x230 ..\obj\stm32f10x_rcc.o
 .debug_frame   0x00001254       0x50 ..\obj\pwm.o
 .debug_frame   0x000012a4      0x244 ..\obj\stm32f10x_flash.o
 .debug_frame   0x000014e8       0x68 ..\obj\stm32f10x_it.o
 .debug_frame   0x00001550      0x10c ..\obj\max7219.o
 .debug_frame   0x0000165c       0xac ..\obj\stm32f10x_pwr.o
 .debug_frame   0x00001708       0x68 ..\obj\misc.o
 .debug_frame   0x00001770      0x170 ..\obj\stm32f10x_gpio.o
 .debug_frame   0x000018e0       0x9c ..\obj\main.o
 .debug_frame   0x0000197c       0x50 c:/program files (x86)/gnu tools arm embedded/5.2 2015q4/bin/../lib/gcc/arm-none-eabi/5.2.1/../../../../arm-none-eabi/lib/armv7-m\libg.a(lib_a-__call_atexit.o)
 .debug_frame   0x000019cc       0x20 c:/program files (x86)/gnu tools arm embedded/5.2 2015q4/bin/../lib/gcc/arm-none-eabi/5.2.1/../../../../arm-none-eabi/lib/armv7-m\libg.a(lib_a-atexit.o)
 .debug_frame   0x000019ec       0x34 c:/program files (x86)/gnu tools arm embedded/5.2 2015q4/bin/../lib/gcc/arm-none-eabi/5.2.1/../../../../arm-none-eabi/lib/armv7-m\libg.a(lib_a-fini.o)
 .debug_frame   0x00001a20       0x34 c:/program files (x86)/gnu tools arm embedded/5.2 2015q4/bin/../lib/gcc/arm-none-eabi/5.2.1/../../../../arm-none-eabi/lib/armv7-m\libg.a(lib_a-__atexit.o)
